resources:
- name: tcp-backend
  resource:
    '@type': type.googleapis.com/envoy.config.endpoint.v3.ClusterLoadAssignment
    clusterName: tcp-backend
    endpoints:
    - lbEndpoints:
      - endpoint:
          address:
            socketAddress:
              address: 192.168.0.5
              portValue: 8005
        loadBalancingWeight: 1
