resources:
- name: backend
  resource:
    '@type': type.googleapis.com/envoy.config.endpoint.v3.ClusterLoadAssignment
    clusterName: backend
    endpoints:
    - lbEndpoints:
      - endpoint:
          address:
            socketAddress:
              address: 192.168.0.4
              portValue: 8084
        loadBalancingWeight: 1
