resources:
- name: backend
  resource:
    '@type': type.googleapis.com/envoy.config.endpoint.v3.ClusterLoadAssignment
    clusterName: backend
    endpoints:
    - lbEndpoints:
      - endpoint:
          address:
            socketAddress:
              address: 192.168.0.4
              portValue: 8084
        loadBalancingWeight: 1
- name: payments-9f43ffb3c22f8c19
  resource:
    '@type': type.googleapis.com/envoy.config.endpoint.v3.ClusterLoadAssignment
    clusterName: payments-9f43ffb3c22f8c19
    endpoints:
    - lbEndpoints:
      - endpoint:
          address:
            socketAddress:
              address: 192.168.0.6
              portValue: 8086
        loadBalancingWeight: 1
